10:14:47 **** Incremental Build of configuration Debug for project Lab_3 ****
make -j12 all 
arm-none-eabi-gcc "../Core/Src/button.c" -mcpu=cortex-m3 -std=gnu11 -g3 -DDEBUG -DUSE_HAL_DRIVER -DSTM32F103x6 -c -I../Core/Inc -I../Drivers/STM32F1xx_HAL_Driver/Inc -I../Drivers/STM32F1xx_HAL_Driver/Inc/Legacy -I../Drivers/CMSIS/Device/ST/STM32F1xx/Include -I../Drivers/CMSIS/Include -O0 -ffunction-sections -fdata-sections -Wall -fstack-usage -MMD -MP -MF"Core/Src/button.d" -MT"Core/Src/button.o" --specs=nano.specs -mfloat-abi=soft -mthumb -o "Core/Src/button.o"
arm-none-eabi-gcc -o "Lab_3.elf" @"objects.list"   -mcpu=cortex-m3 -T"D:\STM32\Test\Lab3\STM32F103C6UX_FLASH.ld" --specs=nosys.specs -Wl,-Map="Lab_3.map" -Wl,--gc-sections -static --specs=nano.specs -mfloat-abi=soft -mthumb -Wl,--start-group -lc -lm -Wl,--end-group
Finished building target: Lab_3.elf
 
arm-none-eabi-size   Lab_3.elf 
arm-none-eabi-objdump -h -S  Lab_3.elf  > "Lab_3.list"
arm-none-eabi-objcopy  -O ihex  Lab_3.elf  "Lab_3.hex"
   text	   data	    bss	    dec	    hex	filename
  13360	    116	   1756	  15232	   3b80	Lab_3.elf
arm-none-eabi-objcopy  -O binary  Lab_3.elf  "Lab_3.bin"
Finished building: default.size.stdout
 
Finished building: Lab_3.hex
Finished building: Lab_3.bin
 
 
Finished building: Lab_3.list
 

10:14:48 Build Finished. 0 errors, 0 warnings. (took 750ms)

