22:53:38 **** Incremental Build of configuration Debug for project Lab1_8 ****
make -j12 all 
arm-none-eabi-gcc "../Core/Src/main.c" -mcpu=cortex-m3 -std=gnu11 -g3 -DDEBUG -DUSE_HAL_DRIVER -DSTM32F103x6 -c -I../Core/Inc -I../Drivers/STM32F1xx_HAL_Driver/Inc -I../Drivers/STM32F1xx_HAL_Driver/Inc/Legacy -I../Drivers/CMSIS/Device/ST/STM32F1xx/Include -I../Drivers/CMSIS/Include -O0 -ffunction-sections -fdata-sections -Wall -fstack-usage -MMD -MP -MF"Core/Src/main.d" -MT"Core/Src/main.o" --specs=nano.specs -mfloat-abi=soft -mthumb -o "Core/Src/main.o"
arm-none-eabi-gcc -o "Lab1_8.elf" @"objects.list"   -mcpu=cortex-m3 -T"D:\STM32\Lab1\Lab1_8\STM32F103C6UX_FLASH.ld" --specs=nosys.specs -Wl,-Map="Lab1_8.map" -Wl,--gc-sections -static --specs=nano.specs -mfloat-abi=soft -mthumb -Wl,--start-group -lc -lm -Wl,--end-group
Finished building target: Lab1_8.elf
 
arm-none-eabi-size   Lab1_8.elf 
arm-none-eabi-objdump -h -S  Lab1_8.elf  > "Lab1_8.list"
arm-none-eabi-objcopy  -O ihex  Lab1_8.elf  "Lab1_8.hex"
   text	   data	    bss	    dec	    hex	filename
   4956	     20	   1572	   6548	   1994	Lab1_8.elf
arm-none-eabi-objcopy  -O binary  Lab1_8.elf  "Lab1_8.bin"
Finished building: default.size.stdout
 
Finished building: Lab1_8.hex
Finished building: Lab1_8.list
Finished building: Lab1_8.bin
 
 
 

22:53:39 Build Finished. 0 errors, 0 warnings. (took 891ms)

